# store_id,item_id,ext_sku_id,bind
1,777,SNACK-777,1
1,778,SNACK-778,1
2,777,SNACK-777,1
